
Client                                             Adresse Client               Ty Parrain                                            Adresse Parrain              Ty                                   
-------------------------------------------------- ---------------------------- -- -------------------------------------------------- ---------------------------- --                                   
CE FORBO SARLINO                                   51100 - REIMS                CE *******************************************        **************************** **                                   
CENTRE COMMUNAL                                    08300 - RETHEL               CP *******************************************        **************************** **                                   
COMMUNE AULNAY L'AITRE                             51240 - AULNAY L'AITRE       M  *******************************************        **************************** **                                   
Conseil General                                    51038 - CHALONS EN CHAMPAGNE CP *******************************************        **************************** **                                   
GFI Informatique                                   51100 - REIMS                CE *******************************************        **************************** **                                   
Maison de la Region                                51100 - REIMS                CP *******************************************        **************************** **                                   
Maison de Retraite Les Portes de Champagne         02570 - CHEZY SUR MARNE      CP *******************************************        **************************** **                                   
Societe des Transports Rosier                      51120 - SEZANNE              CE *******************************************        **************************** **                                   
COMMUNE AY                                         51160 - AY                   M  COMMUNE AULNAY L'AITRE                             51240 - AULNAY L'AITRE       M                                    
COMMUNE LIESSE-NOTRE-DAME                          02350 - LIESSE-NOTRE-DAME    M  COMMUNE AULNAY L'AITRE                             51240 - AULNAY L'AITRE       M                                    
COMMUNE SEZANNE                                    51120 - SEZANNE              M  COMMUNE AULNAY L'AITRE                             51240 - AULNAY L'AITRE       M                                    
HAMEAU DU PRIN                                     51170 - SERZY ET PRIN        M  COMMUNE AULNAY L'AITRE                             51240 - AULNAY L'AITRE       M                                    
COMMUNE VAUCIENNES                                 51480 - VAUCIENNES           M  COMMUNE SEZANNE                                    51120 - SEZANNE              M                                    
Communaute de communes des coteaux sezannais       51120 - SEZANNE              CP Conseil General                                    51038 - CHALONS EN CHAMPAGNE CP                                   
Communaute de Communes des Deux Vallees            51480 - VAUCIENNES           CP Conseil General                                    51038 - CHALONS EN CHAMPAGNE CP                                   
CAP Informatique                                   51100 - REIMS                CE GFI Informatique                                   51100 - REIMS                CE                                   
COMMUNE BONCOURT                                   02350 - BONCOURT             M  HAMEAU DU PRIN                                     51170 - SERZY ET PRIN        M                                    
Reims Metropole-Gestion des dechets urbains        51100 - REIMS                CP Maison de la Region                                51100 - REIMS                CP                                   
Reims Metropole-Mission Tramway                    51100 - REIMS                CP Maison de la Region                                51100 - REIMS                CP                                   
Residence Paul Claudel                             02130 - FERE EN TARDENOIS    CP Maison de Retraite Les Portes de Champagne         02570 - CHEZY SUR MARNE      CP                                   
Reims Metropole-Hotel de la Communaute             51100 - REIMS                CP Reims Metropole-Mission Tramway                    51100 - REIMS                CP                                   

21 lignes selectionnees.

