
Element menu                                                                                                                                                                                            
------------------------------                                                                                                                                                                          
SAUCISSE STRASBOURG                                                                                                                                                                                     
FRITES                                                                                                                                                                                                  
SEMOULE                                                                                                                                                                                                 
PETITS POIS CAROTTES                                                                                                                                                                                    
CREME VANILLE                                                                                                                                                                                           
GATEAU CHOCOLAT                                                                                                                                                                                         
FROMAGE BLANC 0%MG                                                                                                                                                                                      
RAISIN BLANC                                                                                                                                                                                            
COURGETTES                                                                                                                                                                                              
CHAMPIGNONS A LA GRECQUE                                                                                                                                                                                
AVOCAT CREVETTE                                                                                                                                                                                         
BROCOLIS                                                                                                                                                                                                
BETTERAVE                                                                                                                                                                                               
FLAGEOLETS                                                                                                                                                                                              
GRATIN DAUPHINOIS                                                                                                                                                                                       
BOEUF STEACK HACHE 20%MG                                                                                                                                                                                
BOEUF STEACK HACHE 5%MG                                                                                                                                                                                 
BOEUF ENTRECOTE                                                                                                                                                                                         
BOEUF BIFSTEACK                                                                                                                                                                                         
BOEUF STEACK TARTARE                                                                                                                                                                                    
POISSONS PANES                                                                                                                                                                                          
FROMAGE BLANC 20%MG                                                                                                                                                                                     
FROMAGE BLANC 40%MG                                                                                                                                                                                     
FROMAGE BLANC AUX FRUITS                                                                                                                                                                                
OMELETTE NORVEGIENNE                                                                                                                                                                                    
CAMEMBERT 40%MG                                                                                                                                                                                         
CAMEMBERT 50%MG                                                                                                                                                                                         
CAMEMBERT 60%MG                                                                                                                                                                                         
EMMENTAL                                                                                                                                                                                                
TOMME                                                                                                                                                                                                   
SAINT-NECTAIRE                                                                                                                                                                                          
BOURSIN                                                                                                                                                                                                 
BRIE                                                                                                                                                                                                    
VACHE QUI RIT                                                                                                                                                                                           
CHICOREE                                                                                                                                                                                                
FRISEE                                                                                                                                                                                                  
MACHE                                                                                                                                                                                                   
SALADE ENDIVES                                                                                                                                                                                          
BATAVIA                                                                                                                                                                                                 
BOEUF AU CURRY                                                                                                                                                                                          
CHILI CON CARNE                                                                                                                                                                                         
COUSCOUS                                                                                                                                                                                                
PAELLA                                                                                                                                                                                                  
RILLETTES                                                                                                                                                                                               
MORTADELLE                                                                                                                                                                                              
VIN ROUGE 25CL                                                                                                                                                                                          
VIN ROSE 25CL                                                                                                                                                                                           
BIERE 33CL                                                                                                                                                                                              

48 lignes selectionnees.

