
Client                                             Menu                   Nb Menus Nb Livraisons Nb total Menus                                                                                         
-------------------------------------------------- -------------------- ---------- ------------- --------------                                                                                         
COMMUNE AULNAY L'AITRE                             MENU BOURGOGNE                5             8             40                                                                                         
                                                   MENU HAWAI                   15             8            120                                                                                         
                                                   MENU PAS CHER                10            16            160                                                                                         
                                                   MENU SHANGAI                 20             8            160                                                                                         
************************************************** --------------------                          --------------                                                                                         
Nb Menus                                                              4                                                                                                                                 
Nb Menus commandes                                                                                          480                                                                                         
                                                                                                                                                                                                        
COMMUNE AY                                         MENU ECO                     30            10            300                                                                                         
                                                   MENU PAS CHER                30            10            300                                                                                         
************************************************** --------------------                          --------------                                                                                         
Nb Menus                                                              2                                                                                                                                 
Nb Menus commandes                                                                                          600                                                                                         
                                                                                                                                                                                                        
COMMUNE SEZANNE                                    MENU BLANQUETTE              40             8            320                                                                                         
                                                   MENU TERROIR                 40             8            320                                                                                         
************************************************** --------------------                          --------------                                                                                         
Nb Menus                                                              2                                                                                                                                 
Nb Menus commandes                                                                                          640                                                                                         
                                                                                                                                                                                                        
                                                   --------------------                          --------------                                                                                         
Nb Total Menus                                                        8                                                                                                                                 
Nb Total Menus commandes                                                                                   1720                                                                                         

8 lignes selectionnees.

